// Jest Snapshot v1, https://goo.gl/fbAQLP

exports[`<Switch/> renders correctly 1`] = `
<label
  className="sc-AxjAm iqrGWs switch"
>
  <input
    type="checkbox"
  />
  <span
    className="slider round"
  />
</label>
`;
