// Jest Snapshot v1, https://goo.gl/fbAQLP

exports[`<Heading/> renders correctly 1`] = `
<h2>
  To Do List
</h2>
`;
